// Jest Snapshot v1, https://goo.gl/fbAQLP

exports[`<PostCard /> should match snapshot 1`] = `
<div
  class="post"
>
  <div
    class="post__content"
  >
    <img
      alt="title 1"
      src="img/img.png"
    />
    <h2>
      title 1
    </h2>
    <p>
      body 1
    </p>
  </div>
</div>
`;
